<html>
<body>
<pre>
<h1>µVision Build Log</h1>
<h2>Tool Versions:</h2>
IDE-Version: ¦ÌVision V5.14.0.0
Copyright (C) 2015 ARM Ltd and ARM Germany GmbH. All rights reserved.
License Information: cao kangchun, xxx, LIC=W96Y8-3EZQZ-TJ96H-W2LJ1-YASN5-4MDTS
 
Tool Versions:
Toolchain:       MDK-ARM Professional  Version: 5.14.0.0
Toolchain Path:  C:\Keil_v5\ARM\ARMCC\Bin
C Compiler:      Armcc.exe V5.05 update 1 (build 106)
Assembler:       Armasm.exe V5.05 update 1 (build 106)
Linker/Locator:  ArmLink.exe V5.05 update 1 (build 106)
Library Manager: ArmAr.exe V5.05 update 1 (build 106)
Hex Converter:   FromElf.exe V5.05 update 1 (build 106)
CPU DLL:         SARMCM3.DLL V5.14.0.0
Dialog DLL:      DCM.DLL V1.13.1.0
Target DLL:      UL2CM3.DLL V1.155.0.0
Dialog DLL:      TCM.DLL V1.14.4.0
 
<h2>Project:</h2>
E:\file\stm32\personal\usart1\user\template.uvprojx
Project File Date:  05/28/2017

<h2>Output:</h2>
Build target 'usart1'
compiling main.c...
..\SYSTEM\usart\usart.h(9): warning:  #1-D: last line of file ends without a newline
  #endif
..\SYSTEM\led\ledCkc.h(6): warning:  #1295-D: Deprecated declaration ledInit - give arg types
  void ledInit();
..\SYSTEM\led\ledCkc.h(8): warning:  #1-D: last line of file ends without a newline
  #endif
main.c: 3 warnings, 0 errors
linking...
Program Size: Code=2300 RO-data=336 RW-data=48 ZI-data=1632  
FromELF: creating hex file...
"..\obj\template.axf" - 0 Error(s), 3 Warning(s).

<h2>Collection of Component include folders:</h2>
  E:\file\stm32\personal\usart1\user\RTE
  C:\Keil_v5\ARM\PACK\Keil\STM32F1xx_DFP\1.0.5\Device\Include

<h2>Collection of Component Files used:</h2>
</pre>
</body>
</html>
